[2023-07-19T18:48:31.793+0000][47][info][gc,init] CardTable entry size: 512
[2023-07-19T18:48:31.793+0000][47][info][gc     ] Using G1
[2023-07-19T18:48:31.810+0000][47][info][gc,init] Version: 20.0.1+9-29 (release)
[2023-07-19T18:48:31.811+0000][47][info][gc,init] CPUs: 4 total, 4 available
[2023-07-19T18:48:31.811+0000][47][info][gc,init] Memory: 7851M
[2023-07-19T18:48:31.811+0000][47][info][gc,init] Large Page Support: Disabled
[2023-07-19T18:48:31.811+0000][47][info][gc,init] NUMA Support: Disabled
[2023-07-19T18:48:31.811+0000][47][info][gc,init] Compressed Oops: Enabled (Zero based)
[2023-07-19T18:48:31.811+0000][47][info][gc,init] Heap Region Size: 2M
[2023-07-19T18:48:31.811+0000][47][info][gc,init] Heap Min Capacity: 3926M
[2023-07-19T18:48:31.811+0000][47][info][gc,init] Heap Initial Capacity: 3926M
[2023-07-19T18:48:31.812+0000][47][info][gc,init] Heap Max Capacity: 3926M
[2023-07-19T18:48:31.812+0000][47][info][gc,init] Pre-touch: Disabled
[2023-07-19T18:48:31.812+0000][47][info][gc,init] Parallel Workers: 4
[2023-07-19T18:48:31.812+0000][47][info][gc,init] Concurrent Workers: 1
[2023-07-19T18:48:31.812+0000][47][info][gc,init] Concurrent Refinement Workers: 4
[2023-07-19T18:48:31.812+0000][47][info][gc,init] Periodic GC: Disabled
[2023-07-19T18:48:31.812+0000][47][info][gc,metaspace] CDS archive(s) mapped at: [0x0000000800000000-0x0000000800c80000-0x0000000800c80000), size 13107200, SharedBaseAddress: 0x0000000800000000, ArchiveRelocationMode: 0.
[2023-07-19T18:48:31.813+0000][47][info][gc,metaspace] Compressed class space mapped at: 0x0000000801000000-0x0000000841000000, reserved size: 1073741824
[2023-07-19T18:48:31.813+0000][47][info][gc,metaspace] Narrow klass base: 0x0000000800000000, Narrow klass shift: 0, Narrow klass range: 0x100000000
[2023-07-19T18:48:31.839+0000][47][info][gc,heap,exit] Heap
[2023-07-19T18:48:31.839+0000][47][info][gc,heap,exit]  garbage-first heap   total 4020224K, used 4162K [0x000000070aa00000, 0x0000000800000000)
[2023-07-19T18:48:31.839+0000][47][info][gc,heap,exit]   region size 2048K, 2 young (4096K), 0 survivors (0K)
[2023-07-19T18:48:31.839+0000][47][info][gc,heap,exit]  Metaspace       used 46K, committed 128K, reserved 1114112K
[2023-07-19T18:48:31.840+0000][47][info][gc,heap,exit]   class space    used 1K, committed 64K, reserved 1048576K
