[2023-07-19T18:44:26.863+0000][259][gc] Using G1
[2023-07-19T18:44:26.872+0000][259][gc,init] Version: 17.0.1+12 (release)
[2023-07-19T18:44:26.872+0000][259][gc,init] CPUs: 4 total, 4 available
[2023-07-19T18:44:26.872+0000][259][gc,init] Memory: 7851M
[2023-07-19T18:44:26.872+0000][259][gc,init] Large Page Support: Disabled
[2023-07-19T18:44:26.872+0000][259][gc,init] NUMA Support: Disabled
[2023-07-19T18:44:26.872+0000][259][gc,init] Compressed Oops: Enabled (Zero based)
[2023-07-19T18:44:26.873+0000][259][gc,init] Heap Region Size: 2M
[2023-07-19T18:44:26.873+0000][259][gc,init] Heap Min Capacity: 3926M
[2023-07-19T18:44:26.873+0000][259][gc,init] Heap Initial Capacity: 3926M
[2023-07-19T18:44:26.873+0000][259][gc,init] Heap Max Capacity: 3926M
[2023-07-19T18:44:26.873+0000][259][gc,init] Pre-touch: Disabled
[2023-07-19T18:44:26.873+0000][259][gc,init] Parallel Workers: 4
[2023-07-19T18:44:26.874+0000][259][gc,init] Concurrent Workers: 1
[2023-07-19T18:44:26.874+0000][259][gc,init] Concurrent Refinement Workers: 4
[2023-07-19T18:44:26.874+0000][259][gc,init] Periodic GC: Disabled
[2023-07-19T18:44:26.874+0000][259][gc,metaspace] CDS archive(s) not mapped
[2023-07-19T18:44:26.874+0000][259][gc,metaspace] Compressed class space mapped at: 0x0000000100000000-0x0000000140000000, reserved size: 1073741824
[2023-07-19T18:44:26.874+0000][259][gc,metaspace] Narrow klass base: 0x0000000000000000, Narrow klass shift: 3, Narrow klass range: 0x140000000
[2023-07-19T18:44:26.911+0000][259][gc,heap,exit] Heap
[2023-07-19T18:44:26.911+0000][259][gc,heap,exit]  garbage-first heap   total 4020224K, used 3074K [0x00000006caa00000, 0x00000007c0000000)
[2023-07-19T18:44:26.912+0000][259][gc,heap,exit]   region size 2048K, 2 young (4096K), 0 survivors (0K)
[2023-07-19T18:44:26.912+0000][259][gc,heap,exit]  Metaspace       used 3476K, committed 3520K, reserved 1056768K
[2023-07-19T18:44:26.912+0000][259][gc,heap,exit]   class space    used 277K, committed 320K, reserved 1048576K
