[2023-07-19T18:44:26.748+0000][240][gc] Using G1
[2023-07-19T18:44:26.749+0000][240][gc,init] Version: 17.0.1+12 (release)
[2023-07-19T18:44:26.750+0000][240][gc,init] CPUs: 4 total, 4 available
[2023-07-19T18:44:26.750+0000][240][gc,init] Memory: 7851M
[2023-07-19T18:44:26.750+0000][240][gc,init] Large Page Support: Disabled
[2023-07-19T18:44:26.750+0000][240][gc,init] NUMA Support: Disabled
[2023-07-19T18:44:26.751+0000][240][gc,init] Compressed Oops: Enabled (32-bit)
[2023-07-19T18:44:26.751+0000][240][gc,init] Heap Region Size: 1M
[2023-07-19T18:44:26.751+0000][240][gc,init] Heap Min Capacity: 8M
[2023-07-19T18:44:26.751+0000][240][gc,init] Heap Initial Capacity: 124M
[2023-07-19T18:44:26.751+0000][240][gc,init] Heap Max Capacity: 1964M
[2023-07-19T18:44:26.752+0000][240][gc,init] Pre-touch: Disabled
[2023-07-19T18:44:26.752+0000][240][gc,init] Parallel Workers: 4
[2023-07-19T18:44:26.752+0000][240][gc,init] Concurrent Workers: 1
[2023-07-19T18:44:26.752+0000][240][gc,init] Concurrent Refinement Workers: 4
[2023-07-19T18:44:26.752+0000][240][gc,init] Periodic GC: Disabled
[2023-07-19T18:44:26.752+0000][240][gc,metaspace] CDS archive(s) not mapped
[2023-07-19T18:44:26.752+0000][240][gc,metaspace] Compressed class space mapped at: 0x0000000100000000-0x0000000140000000, reserved size: 1073741824
[2023-07-19T18:44:26.752+0000][240][gc,metaspace] Narrow klass base: 0x0000000000000000, Narrow klass shift: 3, Narrow klass range: 0x140000000
[2023-07-19T18:44:26.799+0000][240][gc,heap,exit] Heap
[2023-07-19T18:44:26.799+0000][240][gc,heap,exit]  garbage-first heap   total 126976K, used 1558K [0x0000000085400000, 0x0000000100000000)
[2023-07-19T18:44:26.800+0000][240][gc,heap,exit]   region size 1024K, 2 young (2048K), 0 survivors (0K)
[2023-07-19T18:44:26.800+0000][240][gc,heap,exit]  Metaspace       used 3474K, committed 3520K, reserved 1056768K
[2023-07-19T18:44:26.800+0000][240][gc,heap,exit]   class space    used 277K, committed 320K, reserved 1048576K
